Microchip MPLAB XC8 Compiler V2.20

Linker command line:

-W-3 --edf=C:\Program Files\Microchip\xc8\v2.20\pic\dat\en_msgs.txt -cn \
  -h+dist/default/production\BUV_PWM.X.production.sym \
  --cmf=dist/default/production\BUV_PWM.X.production.cmf -z -Q10F322 \
  -oC:\Users\buzar\AppData\Local\Temp\s4hs.2 --defsym=__MPLAB_BUILD=1 \
  -Mdist/default/production/BUV_PWM.X.production.map -E1 -ver=XC8 Compiler \
  --acfsm=1493 -ASTACK=04Eh-07Dh -pstack=STACK -ACODE=00h-01FFh \
  -ASTRCODE=00h-01FFh -ASTRING=00h-0FFhx2 -ACONST=00h-0FFhx2 \
  -AENTRY=00h-0FFhx2 -ABANK0=040h-07Dh -ARAM=040h-07Dh -AABS1=040h-07Fh \
  -ACOMMON=07Eh-07Fh -ASFR0=00h-03Fh -ACONFIG=02007h-02007h -DCONFIG=2 \
  -AIDLOC=02000h-02003h -DIDLOC=2 \
  -preset_vec=00h,intentry=04h,init,end_init -ppowerup=CODE -pcinit=CODE \
  -pfunctab=ENTRY -DCODE=2 -DSTRCODE=2 -DSTRING=2 -DCONST=2 -DENTRY=2 -k \
  C:\Users\buzar\AppData\Local\Temp\s4hs.o \
  dist/default/production\BUV_PWM.X.production.o 

Object code version is 3.11

Machine type is 10F322



                Name                               Link     Load   Length Selector   Space Scale
C:\Users\buzar\AppData\Local\Temp\s4hs.o
                end_init                              C        C        1        8       0
                reset_vec                             0        0        1        0       0
                config                             2007     2007        1        0       4
dist/default/production\BUV_PWM.X.production.o
                cinit                                 D        D        B        8       0
                intentry                              4        4        8        8       0
                config                             2007     2007        1        0       4
                text2                                92       92       1D        8       0
                text1                                AF       AF        E        8       0
                maintext                             18       18       7A        8       0
                cstackBANK0                          47       47        6       40       1
                dataBANK0                            4D       4D        1       40       1
                bssBANK0                             40       40        7       40       1
                idataBANK0                           BD       BD        1        8       0

TOTAL           Name                               Link     Load   Length     Space
        CLASS   STACK          

        CLASS   CODE           
                end_init                              C        C        1         0
                cinit                                 D        D        B         0
                intentry                              4        4        8         0
                reset_vec                             0        0        1         0
                text2                                92       92       1D         0
                text1                                AF       AF        E         0
                maintext                             18       18       7A         0
                idataBANK0                           BD       BD        1         0

        CLASS   STRCODE        

        CLASS   STRING         

        CLASS   CONST          

        CLASS   ENTRY          

        CLASS   BANK0          
                cstackBANK0                          47       47        6         1
                dataBANK0                            4D       4D        1         1
                bssBANK0                             40       40        7         1

        CLASS   RAM            

        CLASS   ABS1           
                abs_s1                               7E       7E        2         1

        CLASS   COMMON         

        CLASS   SFR0           

        CLASS   CONFIG         
                config                             2007     2007        1         4

        CLASS   IDLOC          

        CLASS   EEDATA         



SEGMENTS        Name                           Load    Length   Top    Selector   Space  Class     Delta

                reset_vec                      000000  000001  000001         0       0  CODE        2
                intentry                       000004  0000BA  0000BE         8       0  CODE        2
                bssBANK0                       000040  00000E  00004E        40       1  BANK0       1


UNUSED ADDRESS RANGES

        Name                Unused          Largest block    Delta
        BANK0            004E-007D             30           1
        CODE             0001-0003              3           2
                         00BE-01FF            142
        CONST            0001-0003              3           2
                         00BE-01FF             42
        ENTRY            0001-0003              3           2
                         00BE-01FF             42
        IDLOC            2000-2003              4           2
        RAM              004E-007D             30           1
        SFR0             0000-003F             40           1
        STACK            004E-007D             30           1
        STRCODE          0001-0003              3           2
                         00BE-01FF            142
        STRING           0001-0003              3           2
                         00BE-01FF             42

                                  Symbol Table

_ANSELA                  (abs)        0008
_GIE                     (abs)        005F
_NoCommandCounter        bssBANK0     0040
_OSCCON                  (abs)        0010
_PEIE                    (abs)        005E
_PORTA                   (abs)        0005
_PR2                     (abs)        0012
_PWM_counter             bssBANK0     0045
_PWM_high                bssBANK0     0046
_PWM_period              dataBANK0    004D
_PWM_set                 bssBANK0     0044
_RA0                     (abs)        0028
_RA1                     (abs)        0029
_RA2                     (abs)        002A
_RA3                     (abs)        002B
_T2CON                   (abs)        0013
_TMR2IE                  (abs)        0069
_TMR2IF                  (abs)        0061
_TRISA                   (abs)        0006
_WPUA                    (abs)        0009
__Habs1                  abs1         0000
__Hbank0                 bank0        0000
__HbssBANK0              bssBANK0     0000
__Hcinit                 cinit        0018
__Hclrtext               clrtext      0000
__Hcode                  code         0000
__Hcommon                common       0000
__Hconfig                config       2008
__HcstackBANK0           cstackBANK0  0000
__HcstackCOMMON          cstackCOMMON 0000
__HdataBANK0             dataBANK0    0000
__Heeprom_data           eeprom_data  0000
__Hend_init              end_init     000D
__Hfunctab               functab      0000
__HidataBANK0            idataBANK0   0000
__Hinit                  init         000C
__Hintentry              intentry     000C
__Hmaintext              maintext     0000
__Hpowerup               powerup      0000
__Hram                   ram          0000
__Hreset_vec             reset_vec    0001
__Hsfr0                  sfr0         0000
__Hspace_0               (abs)        00BE
__Hspace_1               (abs)        004E
__Hspace_2               (abs)        0000
__Hspace_3               (abs)        0000
__Hspace_4               (abs)        400F
__Hstack                 stack        0000
__Hstrings               strings      0000
__Htext                  text         0000
__Labs1                  abs1         0000
__Lbank0                 bank0        0000
__LbssBANK0              bssBANK0     0000
__Lcinit                 cinit        000D
__Lclrtext               clrtext      0000
__Lcode                  code         0000
__Lcommon                common       0000
__Lconfig                config       0000
__LcstackBANK0           cstackBANK0  0000
__LcstackCOMMON          cstackCOMMON 0000
__LdataBANK0             dataBANK0    0000
__Leeprom_data           eeprom_data  0000
__Lend_init              end_init     000C
__Lfunctab               functab      0000
__LidataBANK0            idataBANK0   0000
__Linit                  init         000C
__Lintentry              intentry     0004
__Lmaintext              maintext     0000
__Lpowerup               powerup      0000
__Lram                   ram          0000
__Lreset_vec             reset_vec    0000
__Lsfr0                  sfr0         0000
__Lspace_0               (abs)        0000
__Lspace_1               (abs)        0000
__Lspace_2               (abs)        0000
__Lspace_3               (abs)        0000
__Lspace_4               (abs)        0000
__Lstack                 stack        0000
__Lstrings               strings      0000
__Ltext                  text         0000
__S0                     (abs)        00BE
__S1                     (abs)        004E
__S2                     (abs)        0000
___int_sp                stack        0000
___latbits               (abs)        0000
___sp                    stack        0000
___stackhi               (abs)        0000
___stacklo               (abs)        0000
__end_of__initialization cinit        0016
__end_of_init            text1        00BD
__end_of_main            maintext     0092
__end_of_tmr2Int         text2        00AF
__initialization         cinit        000D
__pbssBANK0              bssBANK0     0040
__pcstackBANK0           cstackBANK0  0047
__pcstackCOMMON          cstackCOMMON 0000
__pdataBANK0             dataBANK0    004D
__pidataBANK0            idataBANK0   00BD
__pintentry              intentry     0004
__pmaintext              maintext     0018
__ptext1                 text1        00AF
__ptext2                 text2        0092
__size_of_init           (abs)        0000
__size_of_main           (abs)        0000
__size_of_tmr2Int        (abs)        0000
_init                    text1        00AF
_main                    maintext     0018
_tmr2Int                 text2        0092
btemp                    (abs)        007E
end_of_initialization    cinit        0016
interrupt_function       intentry     0004
intlevel0                functab      0000
intlevel1                functab      0000
intlevel2                functab      0000
intlevel3                functab      0000
intlevel4                functab      0000
intlevel5                functab      0000
reset_vec                reset_vec    0000
saved_w                  (abs)        007E
start                    init         000C
start_initialization     cinit        000D
wtemp0                   (abs)        007E


FUNCTION INFORMATION:

 *************** function _main *****************
 Defined at:
		line 28 in file "main.c"
 Parameters:    Size  Location     Type
		None
 Auto vars:     Size  Location     Type
		None
 Return value:  Size  Location     Type
                  1    wreg      void 
 Registers used:
		wreg, status,2, status,0, btemp+1, pclath, cstack
 Tracked objects:
		On entry : 
		On exit  : 
		Unchanged: 
 Data sizes:     COMMON   BANK0
      Params:         0       0
      Locals:         0       0
      Temps:          0       3
      Totals:         0       3
Total ram usage:        3 bytes
 Hardware stack levels required when called:    2
 This function calls:
		_init
 This function is called by:
		Startup code after reset
 This function uses a non-reentrant model


 *************** function _init *****************
 Defined at:
		line 13 in file "functions.c"
 Parameters:    Size  Location     Type
		None
 Auto vars:     Size  Location     Type
		None
 Return value:  Size  Location     Type
                  1    wreg      void 
 Registers used:
		wreg, status,2
 Tracked objects:
		On entry : 
		On exit  : 
		Unchanged: 
 Data sizes:     COMMON   BANK0
      Params:         0       0
      Locals:         0       0
      Temps:          0       0
      Totals:         0       0
Total ram usage:        0 bytes
 Hardware stack levels used:    1
 Hardware stack levels required when called:    1
 This function calls:
		Nothing
 This function is called by:
		_main
 This function uses a non-reentrant model


 *************** function _tmr2Int *****************
 Defined at:
		line 93 in file "main.c"
 Parameters:    Size  Location     Type
		None
 Auto vars:     Size  Location     Type
		None
 Return value:  Size  Location     Type
                  1    wreg      void 
 Registers used:
		wreg, status,2, status,0, btemp+1
 Tracked objects:
		On entry : 
		On exit  : 
		Unchanged: 
 Data sizes:     COMMON   BANK0
      Params:         0       0
      Locals:         0       0
      Temps:          0       3
      Totals:         0       3
Total ram usage:        3 bytes
 Hardware stack levels used:    1
 This function calls:
		Nothing
 This function is called by:
		Interrupt level 1
 This function uses a non-reentrant model



MODULE INFORMATION

Module		Function		Class		Link	Load	Size
functions.c
		_init          		CODE           	00AF	0000	15

functions.c estimated size: 15

shared
		__initialization		CODE           	000D	0000	10

shared estimated size: 10

main.c
		_tmr2Int       		CODE           	0092	0000	30
		_main          		CODE           	0018	0000	123

main.c estimated size: 153

